---
Working directory: /home/reearming/.local/share/nvim/lazy/blink.cmp
Command: cargo build --release
---
---

Working directory: /home/reearming/.local/share/nvim/lazy/blink.cmp

Command: cargo build --release

---
    Updating crates.io index
 Downloading crates ...
  Downloaded cc v1.2.56
  Downloaded rustversion v1.0.22
  Downloaded cpufeatures v0.2.17
  Downloaded parking_lot_core v0.9.12
  Downloaded mlua_derive v0.11.0
  Downloaded unty v0.0.4
  Downloaded cfg-if v1.0.4
  Downloaded bincode_derive v2.0.1
  Downloaded arrayref v0.3.9
  Downloaded thiserror-impl v2.0.18
  Downloaded rustc-hash v2.1.1
  Downloaded find-msvc-tools v0.1.9
  Downloaded arrayvec v0.7.6
  Downloaded unicode-ident v1.0.24
  Downloaded bincode v2.0.1
  Downloaded quote v1.0.45
  Downloaded thiserror v2.0.18
  Downloaded constant_time_eq v0.4.2
  Downloaded parking_lot v0.12.5
  Downloaded memchr v2.8.0
  Downloaded bitflags v2.11.0
  Downloaded lock_api v0.4.14
  Downloaded virtue v0.0.18
  Downloaded proc-macro2 v1.0.106
  Downloaded mlua-sys v0.10.0
  Downloaded serde_core v1.0.228
  Downloaded frizbee v0.9.0
  Downloaded aho-corasick v1.1.4
  Downloaded serde v1.0.228
  Downloaded raw-cpuid v11.6.0
  Downloaded itertools v0.14.0
  Downloaded regex v1.12.3
  Downloaded blake3 v1.8.3
  Downloaded syn v2.0.117
  Downloaded mlua v0.11.6
  Downloaded regex-syntax v0.8.10
  Downloaded bstr v1.12.1
  Downloaded regex-automata v0.4.14
  Downloaded libc v0.2.183
   Compiling proc-macro2 v1.0.106
   Compiling find-msvc-tools v0.1.9
   Compiling shlex v1.3.0
   Compiling quote v1.0.45
   Compiling unicode-ident v1.0.24
   Compiling libc v0.2.183
   Compiling memchr v2.8.0
   Compiling parking_lot_core v0.9.12
   Compiling cfg-if v1.0.4
   Compiling autocfg v1.5.0
   Compiling pkg-config v0.3.32
   Compiling rustversion v1.0.22
   Compiling either v1.15.0
   Compiling cc v1.2.56
   Compiling scopeguard v1.2.0
   Compiling smallvec v1.15.1
   Compiling thiserror v2.0.18
   Compiling lock_api v0.4.14
   Compiling num-traits v0.2.19
   Compiling aho-corasick v1.1.4
   Compiling bitflags v2.11.0
   Compiling regex-syntax v0.8.10
   Compiling virtue v0.0.18
   Compiling bstr v1.12.1
   Compiling raw-cpuid v11.6.0
   Compiling itertools v0.14.0
   Compiling constant_time_eq v0.4.2
   Compiling blink-cmp-fuzzy v0.1.0 (/home/reearming/.local/share/nvim/lazy/blink.cmp)
   Compiling arrayref v0.3.9
   Compiling bincode_derive v2.0.1
   Compiling unty v0.0.4
   Compiling arrayvec v0.7.6
   Compiling rustc-hash v2.1.1
   Compiling syn v2.0.117
   Compiling cpufeatures v0.2.17
   Compiling mlua-sys v0.10.0
   Compiling blake3 v1.8.3
   Compiling bincode v2.0.1
   Compiling parking_lot v0.12.5
   Compiling frizbee v0.9.0
   Compiling regex-automata v0.4.14
   Compiling mlua_derive v0.11.0
   Compiling thiserror-impl v2.0.18
   Compiling mlua v0.11.6
   Compiling regex v1.12.3
    Finished `release` profile [optimized] target(s) in 22.69s
---
